---
source: apollo-router/src/apollo_telemetry.rs
assertion_line: 308
expression: normalized

---
# OpName 
query OpName { user { name } } 
