---
source: apollo-router/src/apollo_telemetry.rs
assertion_line: 293
expression: normalized

---

query {
    user {
        name
    }
}

