---
source: apollo-router/src/apollo_telemetry.rs
assertion_line: 279
expression: normalized

---

{
    user {
        name
    }
}

