---
source: apollo-router/src/apollo_telemetry.rs
assertion_line: 329
expression: normalized

---

{
  user {
    name
    ...Bar
  }
}
fragment Bar on User {
  asd
}
fragment Baz on User {
  jkl
}

